['Font', 'Food & Drink', 'Sports & Outdoors', 'Decorative Hardware', 'Small Storage', 'Panel Screens', 'Concealer', 'Foundation', 'Face Powder', 'Tinted Moisturizer', 'Makeup Remover', 'Makeup Primer', 'Blush', 'Cheek Bronzer', 'Beach Towels', 'Mascara', 'False Eyelashes', 'Eyeliner', 'Lipstick', 'Lip Gloss', 'Lip Pencils', 'Lip Stain', 'Face Cleansers', 'Face Toners', 'Face Moisturizers', 'Face Masks', 'Eye Care', 'Lip Treatments', 'Hair Removal', 'Sun Care', 'Hair Color', 'Eyelash Curlers', 'Tweezers & Brow Tools', 'Sharpeners', 'Hair Styling Tools', 'Blow Dryers & Irons', 'Brushes & Combs', 'Bags & Cases', "Men's Bags & Wallets", "Men's Shoes", 'Office Accessories', 'Garden Tools', 'Eyeglasses', 'Body Art', 'Outdoors', 'Bed Accessories', 'Gift Sets & Kits', 'Fans', 'Kids', 'Juniors', 'Cleaning', 'Cabinets', 'Benches', 'Health', 'Oral Care', 'Supplements', 'Napkin Rings', 'Stools', 'Outdoor Stools', 'Aprons', 'Bedspreads', 'Window Blinds', 'Outdoor Patio Sets', 'Dining Chairs', 'Dining Tables', 'Bar Cabinets', 'Standing Fans', 'Home Improvement', 'Paint', "Men's Backpacks", "Men's Messenger Bags", 'Handkerchiefs', 'Desks', 'File Cabinets', 'Fireplace Accessories', 'Outdoor Tables', 'Outdoor Chairs', 'Toys', 'Window Treatments', 'Kitchen & Dining', 'Patio Furniture', 'Eyeshadow', 'Tech Accessories', 'Sideboards', 'Armoires', 'Nightstands', 'Quilts & Coverlets', 'Bar Tools', 'Cookbooks']